---
source: tests/cli_matrix.rs
expression: in_place_result.envelope(&in_place_case)
---
case: row_001_wrap
mode: in_place
args: --wrap --ellipsis --footnotes --code-emphasis --headings --in-place
status: exit status: 0

[stdout]

[stderr]

[file]
Rust
~~~~
fn main() {
    println!("dots...");
}
~~~~

Outside… text.

1. first
4. second
