---
source: tests/cli_matrix.rs
expression: stdout_result.envelope(&stdout_case)
---
case: row_111_wrap
mode: stdout
args: --wrap --renumber --breaks --ellipsis --headings
status: exit status: 0

[stdout]
---
title: Matrix
---

## Heading

______________________________________________________________________

Text… after break.

[stderr]

[file]
<not applicable>
