---
source: src/classify_fixture_tests.rs
expression: oracle
---
bold_header_expected.txt	1	54cbb7592b24356e	TableRow
bold_header_expected.txt	2	ae7d6f804f3b3de3	TableDelimiter
bold_header_expected.txt	3	568cee532c126005	TableRow
bold_header_expected.txt	4	e0afc4daf379def8	TableRow
bold_header_expected.txt	5	4249c9eec3599dd1	TableRow
bold_header_expected.txt	6	31ede1f72e00f91c	TableRow
bold_header_expected.txt	7	aec1004c88ede549	TableRow
bold_header_expected.txt	8	d27f4a52edefba82	TableRow
bold_header_expected.txt	9	c97bf31a6989d800	TableRow
bold_header_expected.txt	10	cadcb88d49e2490e	TableRow
bold_header_expected.txt	11	5a3edaf03ee21edc	TableRow
bold_header_expected.txt	12	33c87ca8a7b9600f	TableRow
bold_header_expected.txt	13	a7b0398cc1e39eb3	TableRow
bold_header_expected.txt	14	d7cd82ad3e7d55f5	TableRow
bold_header_input.txt	1	1beab31dd1f62040	ParagraphText
bold_header_input.txt	2	e9cef531f8a91228	ParagraphText
bold_header_input.txt	3	3882b43a6271cbe9	ParagraphText
bold_header_input.txt	4	483ba9b38c3d593e	ParagraphText
bold_header_input.txt	5	55619505325fcf2a	ParagraphText
bold_header_input.txt	6	6331e6e8e9c9c0a5	ParagraphText
bold_header_input.txt	7	38bcf8e166a69492	ParagraphText
bold_header_input.txt	8	f7cb0be3f316ae5f	ParagraphText
bold_header_input.txt	9	0d5548d0f866d503	ParagraphText
bold_header_input.txt	10	77ffe23f591ee413	ParagraphText
bold_header_input.txt	11	eff7deeec739bef6	ParagraphText
bold_header_input.txt	12	ae357de16bbc10ba	ParagraphText
bold_header_input.txt	13	b19052cd4e0d525f	ParagraphText
bold_header_input.txt	14	3b2b6b43a901c393	ParagraphText
bold_header_input.txt	15	42f09dbc925cdc69	ParagraphText
bold_header_input.txt	16	7add7cd5036e554a	ParagraphText
bullet_backslash_code_span_expected.txt	1	b4f3ba4da812d178	AtxHeading
bullet_backslash_code_span_expected.txt	2	cbf29ce484222325	Blank
bullet_backslash_code_span_expected.txt	3	b2c5fab60718f7c6	ListItem
bullet_backslash_code_span_expected.txt	4	29bcc20a4534e40f	ParagraphText
bullet_backslash_code_span_input.txt	1	b4f3ba4da812d178	AtxHeading
bullet_backslash_code_span_input.txt	2	cbf29ce484222325	Blank
bullet_backslash_code_span_input.txt	3	b2c5fab60718f7c6	ListItem
bullet_backslash_code_span_input.txt	4	29bcc20a4534e40f	ParagraphText
bullet_colon_expected.txt	1	8212ef3389e88db6	ListItem
bullet_colon_expected.txt	2	2a30bbdf39c363e2	ParagraphText
bullet_colon_expected.txt	3	3c21fc768c736fc9	ParagraphText
bullet_colon_expected.txt	4	30d52fd9fbc90c04	ParagraphText
bullet_colon_expected.txt	5	e5b0c89f4831788d	ParagraphText
bullet_colon_expected.txt	6	391ad10660dd4bae	ParagraphText
bullet_colon_expected.txt	7	cbf29ce484222325	Blank
bullet_colon_input.txt	1	8212ef3389e88db6	ListItem
bullet_colon_input.txt	2	2a30bbdf39c363e2	ParagraphText
bullet_colon_input.txt	3	3c21fc768c736fc9	ParagraphText
bullet_colon_input.txt	4	30d52fd9fbc90c04	ParagraphText
bullet_colon_input.txt	5	e5b0c89f4831788d	ParagraphText
bullet_colon_input.txt	6	391ad10660dd4bae	ParagraphText
bullet_colon_input.txt	7	cbf29ce484222325	Blank
bullet_comma_expected.txt	1	8212ef3389e88db6	ListItem
bullet_comma_expected.txt	2	2a30bbdf39c363e2	ParagraphText
bullet_comma_expected.txt	3	3c21fc768c736fc9	ParagraphText
bullet_comma_expected.txt	4	30d52fd9fbc90c04	ParagraphText
bullet_comma_expected.txt	5	e5b0c89f4831788d	ParagraphText
bullet_comma_expected.txt	6	391ac30660dd33e4	ParagraphText
bullet_comma_expected.txt	7	cbf29ce484222325	Blank
bullet_comma_input.txt	1	8212ef3389e88db6	ListItem
bullet_comma_input.txt	2	2a30bbdf39c363e2	ParagraphText
bullet_comma_input.txt	3	3c21fc768c736fc9	ParagraphText
bullet_comma_input.txt	4	30d52fd9fbc90c04	ParagraphText
bullet_comma_input.txt	5	e5b0c89f4831788d	ParagraphText
bullet_comma_input.txt	6	391ac30660dd33e4	ParagraphText
bullet_comma_input.txt	7	cbf29ce484222325	Blank
bullet_exclamation_mark_expected.txt	1	8212ef3389e88db6	ListItem
bullet_exclamation_mark_expected.txt	2	2a30bbdf39c363e2	ParagraphText
bullet_exclamation_mark_expected.txt	3	3c21fc768c736fc9	ParagraphText
bullet_exclamation_mark_expected.txt	4	30d52fd9fbc90c04	ParagraphText
bullet_exclamation_mark_expected.txt	5	e5b0c89f4831788d	ParagraphText
bullet_exclamation_mark_expected.txt	6	391ab80660dd2133	ParagraphText
bullet_exclamation_mark_expected.txt	7	cbf29ce484222325	Blank
bullet_exclamation_mark_input.txt	1	8212ef3389e88db6	ListItem
bullet_exclamation_mark_input.txt	2	2a30bbdf39c363e2	ParagraphText
bullet_exclamation_mark_input.txt	3	3c21fc768c736fc9	ParagraphText
bullet_exclamation_mark_input.txt	4	30d52fd9fbc90c04	ParagraphText
bullet_exclamation_mark_input.txt	5	e5b0c89f4831788d	ParagraphText
bullet_exclamation_mark_input.txt	6	391ab80660dd2133	ParagraphText
bullet_exclamation_mark_input.txt	7	cbf29ce484222325	Blank
bullet_full_stop_expected.txt	1	8212ef3389e88db6	ListItem
bullet_full_stop_expected.txt	2	2a30bbdf39c363e2	ParagraphText
bullet_full_stop_expected.txt	3	3c21fc768c736fc9	ParagraphText
bullet_full_stop_expected.txt	4	30d52fd9fbc90c04	ParagraphText
bullet_full_stop_expected.txt	5	e5b0c89f4831788d	ParagraphText
bullet_full_stop_expected.txt	6	391ac50660dd374a	ParagraphText
bullet_full_stop_expected.txt	7	cbf29ce484222325	Blank
bullet_full_stop_input.txt	1	8212ef3389e88db6	ListItem
bullet_full_stop_input.txt	2	2a30bbdf39c363e2	ParagraphText
bullet_full_stop_input.txt	3	3c21fc768c736fc9	ParagraphText
bullet_full_stop_input.txt	4	30d52fd9fbc90c04	ParagraphText
bullet_full_stop_input.txt	5	e5b0c89f4831788d	ParagraphText
bullet_full_stop_input.txt	6	391ac50660dd374a	ParagraphText
bullet_full_stop_input.txt	7	cbf29ce484222325	Blank
bullet_question_mark_expected.txt	1	8212ef3389e88db6	ListItem
bullet_question_mark_expected.txt	2	2a30bbdf39c363e2	ParagraphText
bullet_question_mark_expected.txt	3	3c21fc768c736fc9	ParagraphText
bullet_question_mark_expected.txt	4	30d52fd9fbc90c04	ParagraphText
bullet_question_mark_expected.txt	5	e5b0c89f4831788d	ParagraphText
bullet_question_mark_expected.txt	6	391ad60660dd542d	ParagraphText
bullet_question_mark_expected.txt	7	cbf29ce484222325	Blank
bullet_question_mark_input.txt	1	8212ef3389e88db6	ListItem
bullet_question_mark_input.txt	2	2a30bbdf39c363e2	ParagraphText
bullet_question_mark_input.txt	3	3c21fc768c736fc9	ParagraphText
bullet_question_mark_input.txt	4	30d52fd9fbc90c04	ParagraphText
bullet_question_mark_input.txt	5	e5b0c89f4831788d	ParagraphText
bullet_question_mark_input.txt	6	391ad60660dd542d	ParagraphText
bullet_question_mark_input.txt	7	cbf29ce484222325	Blank
bullet_semicolon_expected.txt	1	8212ef3389e88db6	ListItem
bullet_semicolon_expected.txt	2	2a30bbdf39c363e2	ParagraphText
bullet_semicolon_expected.txt	3	3c21fc768c736fc9	ParagraphText
bullet_semicolon_expected.txt	4	30d52fd9fbc90c04	ParagraphText
bullet_semicolon_expected.txt	5	e5b0c89f4831788d	ParagraphText
bullet_semicolon_expected.txt	6	391ad20660dd4d61	ParagraphText
bullet_semicolon_expected.txt	7	cbf29ce484222325	Blank
bullet_semicolon_input.txt	1	8212ef3389e88db6	ListItem
bullet_semicolon_input.txt	2	2a30bbdf39c363e2	ParagraphText
bullet_semicolon_input.txt	3	3c21fc768c736fc9	ParagraphText
bullet_semicolon_input.txt	4	30d52fd9fbc90c04	ParagraphText
bullet_semicolon_input.txt	5	e5b0c89f4831788d	ParagraphText
bullet_semicolon_input.txt	6	391ad20660dd4d61	ParagraphText
bullet_semicolon_input.txt	7	cbf29ce484222325	Blank
checklist_code_span_function_expected.txt	1	b8a303a04ab5dc14	ListItem
checklist_code_span_function_input.txt	1	da154ba5b92308c1	ListItem
checklist_code_span_function_input.txt	2	764354d294255220	ParagraphText
checklist_code_span_multiline_expected.txt	1	35a38ebe7f8d5765	ListItem
checklist_code_span_multiline_input.txt	1	67c18c6c5ea6cab3	ListItem
checklist_code_span_multiline_input.txt	2	9b8a56f2c95e6d11	ParagraphText
checklist_code_span_reopened_expected.txt	1	5f88efe955d0eae1	ListItem
checklist_code_span_reopened_input.txt	1	3a91db8d9810d7d7	ListItem
checklist_code_span_reopened_input.txt	2	02c1b904ab0d3a19	ParagraphText
cli-matrix/fences-ellipsis.dat	1	ea8ce02b70d73b07	ParagraphText
cli-matrix/fences-ellipsis.dat	2	23df9c42fc4f8cf5	FenceMarker
cli-matrix/fences-ellipsis.dat	3	740cf6a52c781d48	Literal
cli-matrix/fences-ellipsis.dat	4	96dbead67c8cde8b	Literal
cli-matrix/fences-ellipsis.dat	5	af63f04c86020e88	Literal
cli-matrix/fences-ellipsis.dat	6	23df9c42fc4f8cf5	FenceMarker
cli-matrix/fences-ellipsis.dat	7	cbf29ce484222325	Blank
cli-matrix/fences-ellipsis.dat	8	196cf7e0752109d9	ParagraphText
cli-matrix/fences-ellipsis.dat	9	cbf29ce484222325	Blank
cli-matrix/fences-ellipsis.dat	10	7009552bda04b4c8	ListItem
cli-matrix/fences-ellipsis.dat	11	c38f5cdfcbe8926d	ListItem
cli-matrix/footnotes.dat	1	7208767a57d03a0a	ParagraphText
cli-matrix/footnotes.dat	2	cbf29ce484222325	Blank
cli-matrix/footnotes.dat	3	6a8c419cdabe8e79	ListItem
cli-matrix/footnotes.dat	4	120bcf9870949fbb	ListItem
cli-matrix/frontmatter-breaks.dat	1	de7cc417de1b3246	ThematicBreak
cli-matrix/frontmatter-breaks.dat	2	e6b763978d2829de	ParagraphText
cli-matrix/frontmatter-breaks.dat	3	de7cc417de1b3246	SetextUnderline
cli-matrix/frontmatter-breaks.dat	4	cbf29ce484222325	Blank
cli-matrix/frontmatter-breaks.dat	5	2f2044f2431a32d5	ParagraphText
cli-matrix/frontmatter-breaks.dat	6	39641afb14e63d34	SetextUnderline
cli-matrix/frontmatter-breaks.dat	7	cbf29ce484222325	Blank
cli-matrix/frontmatter-breaks.dat	8	de7cc417de1b3246	ThematicBreak
cli-matrix/frontmatter-breaks.dat	9	cbf29ce484222325	Blank
cli-matrix/frontmatter-breaks.dat	10	abf897a017a7eadd	ParagraphText
cli-matrix/table-prose.dat	1	4dd61bc0e63e1c1e	TableRow
cli-matrix/table-prose.dat	2	cbf29ce484222325	Blank
cli-matrix/table-prose.dat	3	0b2689e5c8470ee7	ListItem
cli-matrix/table-prose.dat	4	7e1fec10162df075	ListItem
cli-matrix/table-prose.dat	5	cbf29ce484222325	Blank
cli-matrix/table-prose.dat	6	99f110d27e30b289	ParagraphText
cli-matrix/table-prose.dat	7	8d848e289ad11264	SetextUnderline
cli-output-parity.dat	1	760fd7052866931d	AtxHeading
cli-output-parity.dat	2	cbf29ce484222325	Blank
cli-output-parity.dat	3	1f9ca324f2491419	ParagraphText
cli-output-parity.dat	4	cbf29ce484222325	Blank
cli-output-parity.dat	5	108520e03880a404	ParagraphText
cli-output-parity.dat	6	cbf29ce484222325	Blank
cli-output-parity.dat	7	4710f2620b03c20f	TableRow
cli-output-parity.dat	8	0b8bcd44d58445ab	TableDelimiter
cli-output-parity.dat	9	22bafe60445de1c8	TableRow
cli-output-parity.dat	10	cbf29ce484222325	Blank
cli-output-parity.dat	11	3c25db5966ade659	FenceMarker
cli-output-parity.dat	12	740cf6a52c781d48	Literal
cli-output-parity.dat	13	2dfa18bf687f056a	Literal
cli-output-parity.dat	14	af63f04c86020e88	Literal
cli-output-parity.dat	15	eee8d219096ac717	FenceMarker
cli-output-parity.expected.md	1	760fd7052866931d	AtxHeading
cli-output-parity.expected.md	2	cbf29ce484222325	Blank
cli-output-parity.expected.md	3	1f9ca324f2491419	ParagraphText
cli-output-parity.expected.md	4	cbf29ce484222325	Blank
cli-output-parity.expected.md	5	108520e03880a404	ParagraphText
cli-output-parity.expected.md	6	cbf29ce484222325	Blank
cli-output-parity.expected.md	7	10a95fb3296a6a55	TableRow
cli-output-parity.expected.md	8	5d372fdeec48e3e6	TableDelimiter
cli-output-parity.expected.md	9	d18c3f96a6018552	TableRow
cli-output-parity.expected.md	10	cbf29ce484222325	Blank
cli-output-parity.expected.md	11	3c25db5966ade659	FenceMarker
cli-output-parity.expected.md	12	740cf6a52c781d48	Literal
cli-output-parity.expected.md	13	2dfa18bf687f056a	Literal
cli-output-parity.expected.md	14	af63f04c86020e88	Literal
cli-output-parity.expected.md	15	eee8d219096ac717	FenceMarker
document/bom_crlf_clean.dat	1	5dfcd825b3025d25	ParagraphText
document/bom_crlf_clean.dat	2	af858b76a8c02f23	TableDelimiter
document/bom_crlf_clean.dat	3	08dea9eb04c5ebf6	TableRow
document/bom_ragged.dat	1	960b93ae1c279937	ParagraphText
document/bom_ragged.dat	2	5ff9cb7afb3a4ac3	TableDelimiter
document/bom_ragged.dat	3	a6f2cadfb87120c0	TableRow
document/crlf_clean.dat	1	5594dfeaf9570c36	TableRow
document/crlf_clean.dat	2	af858b76a8c02f23	TableDelimiter
document/crlf_clean.dat	3	08dea9eb04c5ebf6	TableRow
document/crlf_ragged.dat	1	e388ce8746681be0	TableRow
document/crlf_ragged.dat	2	5ff9cb7afb3a4ac3	TableDelimiter
document/crlf_ragged.dat	3	a6f2cadfb87120c0	TableRow
document/lone_cr.dat	1	9f5aeb23983902a0	ParagraphText
document/mixed_crlf_majority.dat	1	5594dfeaf9570c36	TableRow
document/mixed_crlf_majority.dat	2	af858b76a8c02f23	TableDelimiter
document/mixed_crlf_majority.dat	3	08dea9eb04c5ebf6	TableRow
document/mixed_in_fence.dat	1	5594dfeaf9570c36	TableRow
document/mixed_in_fence.dat	2	af858b76a8c02f23	TableDelimiter
document/mixed_in_fence.dat	3	08dea9eb04c5ebf6	TableRow
document/mixed_in_fence.dat	4	cbf29ce484222325	Blank
document/mixed_in_fence.dat	5	3b655c31bfaeea4c	FenceMarker
document/mixed_in_fence.dat	6	b0f350cd92f2777f	Literal
document/mixed_in_fence.dat	7	eee8d219096ac717	FenceMarker
document/mixed_lf_majority.dat	1	5594dfeaf9570c36	TableRow
document/mixed_lf_majority.dat	2	af858b76a8c02f23	TableDelimiter
document/mixed_lf_majority.dat	3	08dea9eb04c5ebf6	TableRow
document/mixed_tie.dat	1	8ac625bb85ed202b	ParagraphText
document/mixed_tie.dat	2	7627619b954620a7	ParagraphText
document/no_trailing_newline.dat	1	e388ce8746681be0	TableRow
document/no_trailing_newline.dat	2	5ff9cb7afb3a4ac3	TableDelimiter
document/no_trailing_newline.dat	3	a6f2cadfb87120c0	TableRow
ellipsis_wrap_expected.txt	1	b03f0576d4e10830	ParagraphText
ellipsis_wrap_expected.txt	2	7de8155b8ed7fb85	ParagraphText
ellipsis_wrap_input.txt	1	b29fdb05b40c030e	ParagraphText
env_access/prohibited.rs.txt	1	c0132bc98f108e27	ParagraphText
env_access/prohibited.rs.txt	2	eed40a17e7152d66	ParagraphText
env_access/prohibited.rs.txt	3	553be92bd2094271	ParagraphText
env_access/prohibited.rs.txt	4	ad0d050eb9ac13c0	ParagraphText
env_access/prohibited.rs.txt	5	f02196c6fc479fa8	ParagraphText
env_access/prohibited.rs.txt	6	cbf29ce484222325	Blank
env_access/prohibited.rs.txt	7	fca09eeab2f292e5	ParagraphText
env_access/prohibited.rs.txt	8	cbf29ce484222325	Blank
env_access/prohibited.rs.txt	9	85deca37f132b543	ParagraphText
env_access/prohibited.rs.txt	10	5ea8f597b4fbdbf3	ParagraphText
env_access/prohibited.rs.txt	11	8843d121d29685ca	Literal
env_access/prohibited.rs.txt	12	d20da52b73a2543e	Literal
env_access/prohibited.rs.txt	13	abf03224c890ee5b	Literal
env_access/prohibited.rs.txt	14	4c462d56bc7d7c19	Literal
env_access/prohibited.rs.txt	15	cb856bf1be5fb342	Literal
env_access/prohibited.rs.txt	16	af63f04c86020e88	ParagraphText
env_access/prohibited.rs.txt	17	cbf29ce484222325	Blank
env_access/prohibited.rs.txt	18	a077aee72d3e021d	ParagraphText
env_access/prohibited.rs.txt	19	5528c251a80187f6	ParagraphText
env_access/prohibited.rs.txt	20	b5362c2db9719d28	Literal
env_access/prohibited.rs.txt	21	c7b00e46ee13d778	Literal
env_access/prohibited.rs.txt	22	17c5c2e4f0827c3a	Literal
env_access/prohibited.rs.txt	23	637ea3f164bd469b	Literal
env_access/prohibited.rs.txt	24	aa0d08e6fe88e88e	Literal
env_access/prohibited.rs.txt	25	3ac7dc7e17e3bad8	Literal
env_access/prohibited.rs.txt	26	af63f04c86020e88	ParagraphText
fences_footnotes_expected.txt	1	3c25db5966ade659	FenceMarker
fences_footnotes_expected.txt	2	aa244faa9019a10f	Literal
fences_footnotes_expected.txt	3	eee8d219096ac717	FenceMarker
fences_footnotes_expected.txt	4	cbf29ce484222325	Blank
fences_footnotes_expected.txt	5	11282a7791bdd236	ParagraphText
fences_footnotes_expected.txt	6	cbf29ce484222325	Blank
fences_footnotes_expected.txt	7	1f80937b355282fb	ParagraphText
fences_footnotes_expected.txt	8	cbf29ce484222325	Blank
fences_footnotes_input.txt	1	ea8ce02b70d73b07	ParagraphText
fences_footnotes_input.txt	2	eee8d219096ac717	FenceMarker
fences_footnotes_input.txt	3	aa244faa9019a10f	Literal
fences_footnotes_input.txt	4	eee8d219096ac717	FenceMarker
fences_footnotes_input.txt	5	cbf29ce484222325	Blank
fences_footnotes_input.txt	6	a870f5eb6c177fa4	ParagraphText
fences_footnotes_input.txt	7	cbf29ce484222325	Blank
fences_footnotes_input.txt	8	87f4b36eca5b8ac1	ListItem
fences_footnotes_input.txt	9	cbf29ce484222325	Blank
footnotes_expected.txt	1	9aab613dd6ff5cc9	ParagraphText
footnotes_expected.txt	2	28564b92b0aceece	ParagraphText
footnotes_expected.txt	3	dec4617d2515e00b	ParagraphText
footnotes_expected.txt	4	5dada78849ee3062	ParagraphText
footnotes_expected.txt	5	a30a25ab854d4789	ParagraphText
footnotes_expected.txt	6	1d4c87be419b7b4d	ParagraphText
footnotes_expected.txt	7	a048d34b421aa532	ParagraphText
footnotes_expected.txt	8	a8bc79808fe3f3b5	ParagraphText
footnotes_expected.txt	9	cbf29ce484222325	Blank
footnotes_expected.txt	10	8a37848c115cc3ef	ParagraphText
footnotes_expected.txt	11	80d1a4012ae6a9ef	ParagraphText
footnotes_expected.txt	12	4203f61ee20acbcc	ParagraphText
footnotes_expected.txt	13	cbf29ce484222325	Blank
footnotes_expected.txt	14	e0db88e99326bd31	AtxHeading
footnotes_expected.txt	15	cbf29ce484222325	Blank
footnotes_expected.txt	16	014f7d30110b0a34	ParagraphText
footnotes_expected.txt	17	3f238f1a51569e00	ParagraphText
footnotes_expected.txt	18	981790179350e280	ParagraphText
footnotes_expected.txt	19	6017b282ea6f5cc2	ParagraphText
footnotes_expected.txt	20	59715f54974c8213	ParagraphText
footnotes_expected.txt	21	1d81cb0f5649d730	ParagraphText
footnotes_expected.txt	22	cbf29ce484222325	Blank
footnotes_expected.txt	23	d17065564df373e2	AtxHeading
footnotes_expected.txt	24	cbf29ce484222325	Blank
footnotes_expected.txt	25	39a0896782bf2ce1	ParagraphText
footnotes_expected.txt	26	7fc845859c10f918	ParagraphText
footnotes_expected.txt	27	333e86650dd0dbf2	ParagraphText
footnotes_expected.txt	28	655c2015a65859eb	ParagraphText
footnotes_fence_toggle_expected.txt	1	6ab2495a6448f920	ParagraphText
footnotes_fence_toggle_expected.txt	2	efeb57b8f20f0a92	ParagraphText
footnotes_fence_toggle_expected.txt	3	cbf29ce484222325	Blank
footnotes_fence_toggle_expected.txt	4	94d9c4d5c50922ee	FenceMarker
footnotes_fence_toggle_expected.txt	5	eee8d219096ac717	Literal
footnotes_fence_toggle_expected.txt	6	de6c7422eff8f255	Literal
footnotes_fence_toggle_expected.txt	7	6064778b0070ef35	FenceMarker
footnotes_fence_toggle_expected.txt	8	1b134f60c28302d5	ParagraphText
footnotes_fence_toggle_input.txt	1	57c7975a591ea28e	ParagraphText
footnotes_fence_toggle_input.txt	2	37b4a2286d114725	ParagraphText
footnotes_fence_toggle_input.txt	3	cbf29ce484222325	Blank
footnotes_fence_toggle_input.txt	4	94d9c4d5c50922ee	FenceMarker
footnotes_fence_toggle_input.txt	5	eee8d219096ac717	Literal
footnotes_fence_toggle_input.txt	6	de6c7422eff8f255	Literal
footnotes_fence_toggle_input.txt	7	6064778b0070ef35	FenceMarker
footnotes_fence_toggle_input.txt	8	12eb0460be08d0a4	ParagraphText
footnotes_input.txt	1	9aab613dd6ff5cc9	ParagraphText
footnotes_input.txt	2	28564b92b0aceece	ParagraphText
footnotes_input.txt	3	dec4617d2515e00b	ParagraphText
footnotes_input.txt	4	1847958dce2b9da8	ParagraphText
footnotes_input.txt	5	a30a25ab854d4789	ParagraphText
footnotes_input.txt	6	1d4c87be419b7b4d	ParagraphText
footnotes_input.txt	7	a048d34b421aa532	ParagraphText
footnotes_input.txt	8	bb6c42aa793af8fb	ParagraphText
footnotes_input.txt	9	cbf29ce484222325	Blank
footnotes_input.txt	10	8a37848c115cc3ef	ParagraphText
footnotes_input.txt	11	80d1a4012ae6a9ef	ParagraphText
footnotes_input.txt	12	7c0f6eba0a9c654d	ParagraphText
footnotes_input.txt	13	cbf29ce484222325	Blank
footnotes_input.txt	14	e0db88e99326bd31	AtxHeading
footnotes_input.txt	15	cbf29ce484222325	Blank
footnotes_input.txt	16	014f7d30110b0a34	ParagraphText
footnotes_input.txt	17	3f238f1a51569e00	ParagraphText
footnotes_input.txt	18	981790179350e280	ParagraphText
footnotes_input.txt	19	6017b282ea6f5cc2	ParagraphText
footnotes_input.txt	20	59715f54974c8213	ParagraphText
footnotes_input.txt	21	1bc97852a25f5a29	ParagraphText
footnotes_input.txt	22	cbf29ce484222325	Blank
footnotes_input.txt	23	d17065564df373e2	AtxHeading
footnotes_input.txt	24	cbf29ce484222325	Blank
footnotes_input.txt	25	d8ba38c6b885d6fa	ListItem
footnotes_input.txt	26	7a10298667ad94ed	ListItem
footnotes_input.txt	27	ce9d45b3889fb5df	ListItem
footnotes_input.txt	28	04d4b792b0dceaa7	ListItem
footnotes_regression_expected.txt	1	dd688ebdec1d4bd3	ParagraphText
footnotes_regression_expected.txt	2	cbf29ce484222325	Blank
footnotes_regression_expected.txt	3	70502d74bb8829bf	ParagraphText
footnotes_regression_expected.txt	4	cbf29ce484222325	Blank
footnotes_regression_expected.txt	5	d1a7454bcb4014e7	ParagraphText
footnotes_regression_expected.txt	6	9c5c4643c096b45a	Literal
footnotes_regression_expected.txt	7	cbf29ce484222325	Blank
footnotes_regression_expected.txt	8	a7a11c984b7b6950	ParagraphText
footnotes_regression_expected.txt	9	8001328e143357b6	Literal
footnotes_regression_expected.txt	10	cbf29ce484222325	Blank
footnotes_regression_expected.txt	11	a1d4ce6f73f5be1e	ParagraphText
footnotes_regression_expected.txt	12	fcd0dbff453ee2c6	Literal
footnotes_regression_input.txt	1	dd688ebdec1d4bd3	ParagraphText
footnotes_regression_input.txt	2	cbf29ce484222325	Blank
footnotes_regression_input.txt	3	70502d74bb8829bf	ParagraphText
footnotes_regression_input.txt	4	cbf29ce484222325	Blank
footnotes_regression_input.txt	5	d1a7454bcb4014e7	ParagraphText
footnotes_regression_input.txt	6	9c5c4643c096b45a	Literal
footnotes_regression_input.txt	7	cbf29ce484222325	Blank
footnotes_regression_input.txt	8	a7a11c984b7b6950	ParagraphText
footnotes_regression_input.txt	9	8001328e143357b6	Literal
footnotes_regression_input.txt	10	cbf29ce484222325	Blank
footnotes_regression_input.txt	11	a1d4ce6f73f5be1e	ParagraphText
footnotes_regression_input.txt	12	fcd0dbff453ee2c6	Literal
footnotes_wrap_expected.txt	1	9aab613dd6ff5cc9	ParagraphText
footnotes_wrap_expected.txt	2	28564b92b0aceece	ParagraphText
footnotes_wrap_expected.txt	3	dec4617d2515e00b	ParagraphText
footnotes_wrap_expected.txt	4	5dada78849ee3062	ParagraphText
footnotes_wrap_expected.txt	5	a30a25ab854d4789	ParagraphText
footnotes_wrap_expected.txt	6	1d4c87be419b7b4d	ParagraphText
footnotes_wrap_expected.txt	7	b0b4b79a1f9c5278	ParagraphText
footnotes_wrap_expected.txt	8	d6bc392389a72c71	ParagraphText
footnotes_wrap_expected.txt	9	cbf29ce484222325	Blank
footnotes_wrap_expected.txt	10	8a37848c115cc3ef	ParagraphText
footnotes_wrap_expected.txt	11	80d1a4012ae6a9ef	ParagraphText
footnotes_wrap_expected.txt	12	4203f61ee20acbcc	ParagraphText
footnotes_wrap_expected.txt	13	cbf29ce484222325	Blank
footnotes_wrap_expected.txt	14	e0db88e99326bd31	AtxHeading
footnotes_wrap_expected.txt	15	cbf29ce484222325	Blank
footnotes_wrap_expected.txt	16	014f7d30110b0a34	ParagraphText
footnotes_wrap_expected.txt	17	3f238f1a51569e00	ParagraphText
footnotes_wrap_expected.txt	18	981790179350e280	ParagraphText
footnotes_wrap_expected.txt	19	6017b282ea6f5cc2	ParagraphText
footnotes_wrap_expected.txt	20	59715f54974c8213	ParagraphText
footnotes_wrap_expected.txt	21	1d81cb0f5649d730	ParagraphText
footnotes_wrap_expected.txt	22	cbf29ce484222325	Blank
footnotes_wrap_expected.txt	23	d17065564df373e2	AtxHeading
footnotes_wrap_expected.txt	24	cbf29ce484222325	Blank
footnotes_wrap_expected.txt	25	39a0896782bf2ce1	ParagraphText
footnotes_wrap_expected.txt	26	7fc845859c10f918	ParagraphText
footnotes_wrap_expected.txt	27	333e86650dd0dbf2	ParagraphText
footnotes_wrap_expected.txt	28	4b356954289cf114	ParagraphText
footnotes_wrap_expected.txt	29	f2f5263865d49922	Literal
fsm_paragraph_expected.txt	1	24e2b2bc874066e5	ParagraphText
fsm_paragraph_expected.txt	2	fe87665b9482a764	ParagraphText
fsm_paragraph_expected.txt	3	7f0cf149c9c81ebb	ParagraphText
fsm_paragraph_expected.txt	4	1ea1f753957fd58d	ParagraphText
fsm_paragraph_expected.txt	5	cbf29ce484222325	Blank
fsm_paragraph_input.txt	1	24e2b2bc874066e5	ParagraphText
fsm_paragraph_input.txt	2	fe87665b9482a764	ParagraphText
fsm_paragraph_input.txt	3	7f0cf149c9c81ebb	ParagraphText
fsm_paragraph_input.txt	4	1ea1f753957fd58d	ParagraphText
fsm_paragraph_input.txt	5	cbf29ce484222325	Blank
hard_linebreak_expected.txt	1	c99e48742a4f9144	ParagraphText
hard_linebreak_expected.txt	2	da4f6634c8e70aaf	ParagraphText
hard_linebreak_expected.txt	3	04fda512fc37a996	ParagraphText
hard_linebreak_expected.txt	4	371927858dd313e4	ParagraphText
hard_linebreak_input.txt	1	c99e48742a4f9144	ParagraphText
hard_linebreak_input.txt	2	8472764f04629bde	ParagraphText
hard_linebreak_input.txt	3	371927858dd313e4	ParagraphText
idempotence/A1_hyphen_break_unterminated.dat	1	de7cc417de1b3246	ThematicBreak
idempotence/A1_hyphen_break_unterminated.dat	2	fb77036ddec51371	ParagraphText
idempotence/A2_hyphen_break_terminated.dat	1	de7cc417de1b3246	ThematicBreak
idempotence/A2_hyphen_break_terminated.dat	2	fb77036ddec51371	ParagraphText
idempotence/A3_setext_underline.dat	1	2f2044f2431a32d5	ParagraphText
idempotence/A3_setext_underline.dat	2	39641afb14e63d34	SetextUnderline
idempotence/A4_frontmatter_fixture.dat	1	de7cc417de1b3246	ThematicBreak
idempotence/A4_frontmatter_fixture.dat	2	e6b763978d2829de	ParagraphText
idempotence/A4_frontmatter_fixture.dat	3	de7cc417de1b3246	SetextUnderline
idempotence/A4_frontmatter_fixture.dat	4	cbf29ce484222325	Blank
idempotence/A4_frontmatter_fixture.dat	5	2f2044f2431a32d5	ParagraphText
idempotence/A4_frontmatter_fixture.dat	6	39641afb14e63d34	SetextUnderline
idempotence/A4_frontmatter_fixture.dat	7	cbf29ce484222325	Blank
idempotence/A4_frontmatter_fixture.dat	8	de7cc417de1b3246	ThematicBreak
idempotence/A4_frontmatter_fixture.dat	9	cbf29ce484222325	Blank
idempotence/A4_frontmatter_fixture.dat	10	abf897a017a7eadd	ParagraphText
idempotence/B1_code_span_tail.dat	1	93547ff6971a1791	ListItem
idempotence/B1_code_span_tail.dat	2	6d39cb9a16d1f303	ParagraphText
idempotence/B2_code_span_tail_full_flags.dat	1	93547ff6971a1791	ListItem
idempotence/B2_code_span_tail_full_flags.dat	2	8c26c30ff5a25c5e	ParagraphText
idempotence/E1_bracket_after_bold_code.dat	1	c072c03612fe56c5	ParagraphText
idempotence/E1_bracket_after_bold_code.dat	2	b0d12b0388af1fda	ParagraphText
idempotence/E1_bracket_after_bold_code.dat	3	64656b4e9be61a59	ParagraphText
idempotence/E1_bracket_after_bold_code.dat	4	dc72d61a20e83324	ParagraphText
idempotence/H1_atx_heading_above_break.dat	1	089c4307b54596b7	ParagraphText
idempotence/H1_atx_heading_above_break.dat	2	39641afb14e63d34	SetextUnderline
idempotence/H1_atx_heading_above_break.dat	3	de7cc417de1b3246	ThematicBreak
idempotence/R1_asterisk_break_absorbed.dat	1	8ac625bb85ed202b	ParagraphText
idempotence/R1_asterisk_break_absorbed.dat	2	1a3b8617ffb1dc4d	ThematicBreak
idempotence/R1_asterisk_break_absorbed.dat	3	7627619b954620a7	ParagraphText
idempotence/R2_underscore_break_absorbed.dat	1	8ac625bb85ed202b	ParagraphText
idempotence/R2_underscore_break_absorbed.dat	2	b8c3741a0c665b74	ThematicBreak
idempotence/R2_underscore_break_absorbed.dat	3	7627619b954620a7	ParagraphText
idempotence/T1_delimiter_then_break.dat	1	a6f2cadfb87120c0	TableRow
idempotence/T1_delimiter_then_break.dat	2	5ff9cb7afb3a4ac3	TableDelimiter
idempotence/T1_delimiter_then_break.dat	3	de7cc417de1b3246	ThematicBreak
idempotence/T2_delimiter_then_break_terminated.dat	1	a6f2cadfb87120c0	TableRow
idempotence/T2_delimiter_then_break_terminated.dat	2	5ff9cb7afb3a4ac3	TableDelimiter
idempotence/T2_delimiter_then_break_terminated.dat	3	de7cc417de1b3246	ThematicBreak
idempotence/T3_leading_prose.dat	1	f9439d246d8721bc	ParagraphText
idempotence/T3_leading_prose.dat	2	a6f2cadfb87120c0	TableRow
idempotence/T3_leading_prose.dat	3	5ff9cb7afb3a4ac3	TableDelimiter
idempotence/T3_leading_prose.dat	4	de7cc417de1b3246	ThematicBreak
idempotence/T4_trailing_body_row.dat	1	e388ce8746681be0	TableRow
idempotence/T4_trailing_body_row.dat	2	5ff9cb7afb3a4ac3	TableDelimiter
idempotence/T4_trailing_body_row.dat	3	de7cc417de1b3246	ThematicBreak
idempotence/T4_trailing_body_row.dat	4	a6f2cadfb87120c0	TableRow
idempotence/T5_delimiter_first.dat	1	5ff9cb7afb3a4ac3	TableDelimiter
idempotence/T5_delimiter_first.dat	2	a6f2cadfb87120c0	TableRow
idempotence/T5_delimiter_first.dat	3	de7cc417de1b3246	ThematicBreak
idempotence/T6_prose_between.dat	1	e388ce8746681be0	TableRow
idempotence/T6_prose_between.dat	2	5ff9cb7afb3a4ac3	TableDelimiter
idempotence/T6_prose_between.dat	3	99f110d27e30b289	ParagraphText
idempotence/T6_prose_between.dat	4	de7cc417de1b3246	SetextUnderline
idempotence/T7_body_row_then_break.dat	1	644212d09de270f6	TableRow
idempotence/T7_body_row_then_break.dat	2	af858b76a8c02f23	TableDelimiter
idempotence/T7_body_row_then_break.dat	3	c548e11f8b4b3966	TableRow
idempotence/T7_body_row_then_break.dat	4	de7cc417de1b3246	ThematicBreak
idempotence/issue_484_footnotes_wrap.dat	1	54372769dcf5710d	ParagraphText
idempotence/issue_484_footnotes_wrap.dat	2	cbf29ce484222325	Blank
idempotence/issue_484_footnotes_wrap.dat	3	a9a16dd1248d8665	ListItem
idempotence/issue_484_renumber_wrap.dat	1	c157788cbe6c86df	ListItem
idempotence/issue_484_renumber_wrap.dat	2	b2266b49b56d7bb9	ListItem
idempotence/issue_484_renumber_wrap.dat	3	0926a2ff3c868aea	ListItem
idempotence/issue_484_renumber_wrap.dat	4	82ddf679e1623729	ListItem
idempotence/issue_484_renumber_wrap.dat	5	3e79e3744f92d5e6	ListItem
idempotence/issue_484_renumber_wrap.dat	6	7e8510eaab2a3419	ListItem
idempotence/issue_484_renumber_wrap.dat	7	2718a46925dc3d82	ListItem
idempotence/issue_484_renumber_wrap.dat	8	dd36a35a5e4a7fce	ListItem
idempotence/issue_484_renumber_wrap.dat	9	30071afd447104a6	ListItem
idempotence/issue_484_renumber_wrap.dat	10	2764d9ee9082946d	ListItem
idempotency_checklist_code_spans_expected.txt	1	8ff091edbc2bba32	ListItem
idempotency_checklist_code_spans_expected.txt	2	0f4aa763f4f435b2	Literal
idempotency_checklist_code_spans_expected.txt	3	d9759b87a4cd3b88	Literal
idempotency_checklist_code_spans_expected.txt	4	81a1fa9afe52a049	Literal
idempotency_checklist_code_spans_expected.txt	5	dd54469f9b9dcb8d	Literal
idempotency_checklist_code_spans_expected.txt	6	292d69a868b695be	Literal
idempotency_checklist_code_spans_input.txt	1	2cc34bb76caa1d0a	ListItem
idempotency_checklist_code_spans_input.txt	2	a0d6d4bf9065bec7	ParagraphText
idempotency_checklist_code_spans_input.txt	3	29e6c52edf429065	ParagraphText
idempotency_checklist_code_spans_input.txt	4	1a21f1b9ae025de8	ParagraphText
idempotency_checklist_code_spans_input.txt	5	cf7a5cd6e2ed7cd5	ParagraphText
idempotency_migration_inline_code_expected.txt	1	41879ec3a917bcd5	ListItem
idempotency_migration_inline_code_expected.txt	2	a93a52f0bc028b5f	ParagraphText
idempotency_migration_inline_code_input.txt	1	a59b32d019e4d6f9	ListItem
idempotency_migration_inline_code_input.txt	2	0b8db07b244a4c8d	ParagraphText
issue_291_errors_expected.txt	1	41326887c7159b8a	ParagraphText
issue_291_errors_expected.txt	2	c6cd42d595b1fb94	ParagraphText
issue_291_errors_input.txt	1	39328203cb2b2035	ParagraphText
issue_291_errors_input.txt	2	cffc18ad5f70c5fb	ParagraphText
issue_291_execplan_expected.txt	1	63c22bff1081fcc5	ParagraphText
issue_291_execplan_expected.txt	2	c8ea4d078e85f81e	ParagraphText
issue_291_execplan_expected.txt	3	b0dbb7f4c9ca1182	ParagraphText
issue_291_execplan_input.txt	1	45ab9c9ff9405a4b	ParagraphText
issue_291_execplan_input.txt	2	d09710b8d5305bb8	ParagraphText
issue_291_execplan_input.txt	3	764c2523aadbcb25	ParagraphText
issue_291_execplan_input.txt	4	5342870d891ba7ac	ParagraphText
issue_291_kani_list_expected.txt	1	1258f6226ac1572e	ListItem
issue_291_kani_list_expected.txt	2	c07bfa1b0288c2b3	ParagraphText
issue_291_kani_list_expected.txt	3	935b96f35f038917	ParagraphText
issue_291_kani_list_input.txt	1	1258f6226ac1572e	ListItem
issue_291_kani_list_input.txt	2	a7511665189db93e	ParagraphText
issue_291_kani_list_input.txt	3	8e6e8cfaa84b5456	ParagraphText
issue_291_nested_ordered_list_expected.txt	1	d70dac0915414f34	ListItem
issue_291_nested_ordered_list_expected.txt	2	12ec3e0702d4c918	Literal
issue_291_nested_ordered_list_expected.txt	3	d0992d68f36eb5f4	Literal
issue_291_nested_ordered_list_input.txt	1	d70dac0915414f34	ListItem
issue_291_nested_ordered_list_input.txt	2	12ec3e0702d4c918	Literal
issue_291_nested_ordered_list_input.txt	3	d0992d68f36eb5f4	Literal
issue_291_netsuke_list_expected.txt	1	0d92bbc983a4a8b0	ListItem
issue_291_netsuke_list_expected.txt	2	03785f655bbed36d	ParagraphText
issue_291_netsuke_list_expected.txt	3	9ca503f17edc0faf	ParagraphText
issue_291_netsuke_list_expected.txt	4	9d6e35ef08f7862f	ParagraphText
issue_291_netsuke_list_input.txt	1	0d92bbc983a4a8b0	ListItem
issue_291_netsuke_list_input.txt	2	4f5f0825c5974ec2	ParagraphText
issue_291_netsuke_list_input.txt	3	bb6e8783a7c118a4	ParagraphText
issue_291_netsuke_list_input.txt	4	9d6e35ef08f7862f	ParagraphText
issue_291_ordered_list_expected.txt	1	950137f61532cecf	ListItem
issue_291_ordered_list_expected.txt	2	40dac3b2ae0e77c2	ParagraphText
issue_291_ordered_list_expected.txt	3	8940e30eb870d6c3	ParagraphText
issue_291_ordered_list_input.txt	1	f1e3c6fcfa43d7a6	ListItem
issue_329_wrap_fences_ellipsis_inner_fence.txt	1	e09a941e7274d2c5	FenceMarker
issue_329_wrap_fences_ellipsis_inner_fence.txt	2	8d1c66117232722f	Literal
issue_329_wrap_fences_ellipsis_inner_fence.txt	3	eee8d219096ac717	FenceMarker
issue_329_wrap_fences_ellipsis_input.txt	1	9c7ace88b6801e91	FenceMarker
issue_329_wrap_fences_ellipsis_input.txt	2	aa916d0c449d7dab	Literal
issue_329_wrap_fences_ellipsis_input.txt	3	489701238c7a20a8	Literal
issue_329_wrap_fences_ellipsis_input.txt	4	4c3f3c73180d995a	Literal
issue_329_wrap_fences_ellipsis_input.txt	5	123c3e94256ff101	Literal
issue_329_wrap_fences_ellipsis_input.txt	6	7676d8cc45cda534	Literal
issue_329_wrap_fences_ellipsis_input.txt	7	835704b28134c057	Literal
issue_329_wrap_fences_ellipsis_input.txt	8	07dd8d07b4a3386d	Literal
issue_329_wrap_fences_ellipsis_input.txt	9	cbf29ce484222325	Literal
issue_329_wrap_fences_ellipsis_input.txt	10	83852a14533025c9	Literal
issue_329_wrap_fences_ellipsis_input.txt	11	cd0946fd227d2e57	Literal
issue_329_wrap_fences_ellipsis_input.txt	12	d28cc1d7eec6ce37	Literal
issue_329_wrap_fences_ellipsis_input.txt	13	2a76c3ad407eab0f	Literal
issue_329_wrap_fences_ellipsis_input.txt	14	eee8d219096ac717	FenceMarker
issue_329_wrap_fences_ellipsis_input.txt	15	cbf29ce484222325	Blank
issue_329_wrap_fences_ellipsis_input.txt	16	e09a941e7274d2c5	FenceMarker
issue_329_wrap_fences_ellipsis_input.txt	17	9e1e721e7fbef077	Literal
issue_329_wrap_fences_ellipsis_input.txt	18	8d1c66117232722f	Literal
issue_329_wrap_fences_ellipsis_input.txt	19	eee8d219096ac717	FenceMarker
issue_329_wrap_fences_ellipsis_input.txt	20	cbf29ce484222325	Blank
issue_329_wrap_fences_ellipsis_input.txt	21	7145366f923f0a1c	FenceMarker
issue_329_wrap_fences_ellipsis_input.txt	22	e09a941e7274d2c5	Literal
issue_329_wrap_fences_ellipsis_input.txt	23	8d1c66117232722f	Literal
issue_329_wrap_fences_ellipsis_input.txt	24	eee8d219096ac717	Literal
issue_329_wrap_fences_ellipsis_input.txt	25	6064778b0070ef35	FenceMarker
issue_329_wrap_fences_ellipsis_json_body.txt	1	9e1e721e7fbef077	ParagraphText
issue_329_wrap_fences_ellipsis_json_body.txt	2	8d1c66117232722f	ParagraphText
issue_329_wrap_fences_ellipsis_sql_body.txt	1	aa916d0c449d7dab	ParagraphText
issue_329_wrap_fences_ellipsis_sql_body.txt	2	489701238c7a20a8	ParagraphText
issue_329_wrap_fences_ellipsis_sql_body.txt	3	4c3f3c73180d995a	Literal
issue_329_wrap_fences_ellipsis_sql_body.txt	4	123c3e94256ff101	Literal
issue_329_wrap_fences_ellipsis_sql_body.txt	5	7676d8cc45cda534	Literal
issue_329_wrap_fences_ellipsis_sql_body.txt	6	835704b28134c057	Literal
issue_329_wrap_fences_ellipsis_sql_body.txt	7	07dd8d07b4a3386d	ParagraphText
issue_329_wrap_fences_ellipsis_sql_body.txt	8	cbf29ce484222325	Blank
issue_329_wrap_fences_ellipsis_sql_body.txt	9	83852a14533025c9	ParagraphText
issue_329_wrap_fences_ellipsis_sql_body.txt	10	cd0946fd227d2e57	ParagraphText
issue_329_wrap_fences_ellipsis_sql_body.txt	11	d28cc1d7eec6ce37	ParagraphText
issue_329_wrap_fences_ellipsis_sql_body.txt	12	2a76c3ad407eab0f	ParagraphText
issue_md038_expected.txt	1	0a98584a51faa1ff	ListItem
issue_md038_expected.txt	2	5ac27342d91fd3ef	ParagraphText
issue_md038_expected.txt	3	a02edeee96c41cbe	ParagraphText
issue_md038_expected.txt	4	8fb8e9cc69233268	ParagraphText
issue_md038_input.txt	1	344f432d38857b09	ListItem
issue_md038_input.txt	2	faf9c9c07b4625f6	ParagraphText
issue_md038_input.txt	3	b49aac634b4030bf	ParagraphText
issue_md038_input.txt	4	cca1cd9d9976f10a	ParagraphText
issue_md038_input.txt	5	20a67c31eb140e03	ParagraphText
logical_type_expected.txt	1	e4e89c70746f408d	TableRow
logical_type_expected.txt	2	be204f47f80d7d79	TableDelimiter
logical_type_expected.txt	3	d9165105eedd93fe	TableRow
logical_type_expected.txt	4	71b455a71f121d80	TableRow
logical_type_expected.txt	5	c7930e66a3ef1862	TableRow
logical_type_expected.txt	6	93170b620fc56660	TableRow
logical_type_expected.txt	7	c9381fed3b61dc84	TableRow
logical_type_input.txt	1	36516847b27665b3	TableRow
logical_type_input.txt	2	11ce55d3e6462cec	TableDelimiter
logical_type_input.txt	3	ab01c78505c9bcfb	TableRow
logical_type_input.txt	4	1729fb507b9ca0de	ParagraphText
logical_type_input.txt	5	d1c8ce41aa19205b	ParagraphText
logical_type_input.txt	6	61ab9ed39802bdec	TableRow
logical_type_input.txt	7	c34f233c287820c0	ParagraphText
month_seconds_expected.txt	1	d0efe23f94040818	TableRow
month_seconds_expected.txt	2	e3710155a75cf0f1	TableDelimiter
month_seconds_expected.txt	3	00be6cd525ea9c33	TableRow
month_seconds_expected.txt	4	e56fdd399fc7c2ce	TableRow
month_seconds_expected.txt	5	3ee58706539d523f	TableRow
month_seconds_expected.txt	6	1214a4a2d22540c2	TableRow
month_seconds_expected.txt	7	3cd48122b7123f8c	TableRow
month_seconds_expected.txt	8	97617e59aeef95b7	TableRow
month_seconds_expected.txt	9	414ae91fe38e7c00	TableRow
month_seconds_expected.txt	10	fb1859c52d3d974f	TableRow
month_seconds_expected.txt	11	a8260e84845ec79d	TableRow
month_seconds_expected.txt	12	6887134e5aee2746	TableRow
month_seconds_expected.txt	13	fd8f6acd3976f78e	TableRow
month_seconds_expected.txt	14	a37fb4d3d56e7e62	TableRow
month_seconds_input.txt	1	c91e89d847661e4f	TableRow
month_seconds_input.txt	2	1fd9edbb7fedc200	ParagraphText
month_seconds_input.txt	3	2a3b4c78a57f2f0b	ParagraphText
month_seconds_input.txt	4	2a8393735d52f877	ParagraphText
month_seconds_input.txt	5	4c3b6ef059957f11	ParagraphText
numstat/long_file_single_line.after.dat	1	ab5bd8c5ec112c1c	ParagraphText
numstat/long_file_single_line.after.dat	2	ab5bdbc5ec113135	ParagraphText
numstat/long_file_single_line.after.dat	3	ab5bdac5ec112f82	ParagraphText
numstat/long_file_single_line.after.dat	4	ab5bd5c5ec112703	ParagraphText
numstat/long_file_single_line.after.dat	5	ab5bd4c5ec112550	ParagraphText
numstat/long_file_single_line.after.dat	6	ab5bd7c5ec112a69	ParagraphText
numstat/long_file_single_line.after.dat	7	ab5bd6c5ec1128b6	ParagraphText
numstat/long_file_single_line.after.dat	8	ab5be1c5ec113b67	ParagraphText
numstat/long_file_single_line.after.dat	9	ab5be0c5ec1139b4	ParagraphText
numstat/long_file_single_line.after.dat	10	aba2e327180a3634	ParagraphText
numstat/long_file_single_line.after.dat	11	3e3d8550212e1077	ParagraphText
numstat/long_file_single_line.after.dat	12	3e3d8650212e122a	ParagraphText
numstat/long_file_single_line.after.dat	13	3e3d8750212e13dd	ParagraphText
numstat/long_file_single_line.after.dat	14	3e3d8050212e07f8	ParagraphText
numstat/long_file_single_line.after.dat	15	3e3d8150212e09ab	ParagraphText
numstat/long_file_single_line.after.dat	16	3e3d8250212e0b5e	ParagraphText
numstat/long_file_single_line.after.dat	17	3e3d8350212e0d11	ParagraphText
numstat/long_file_single_line.after.dat	18	3e3d7c50212e012c	ParagraphText
numstat/long_file_single_line.after.dat	19	3e3d7d50212e02df	ParagraphText
numstat/long_file_single_line.after.dat	20	3e47765021364b7f	ParagraphText
numstat/long_file_single_line.before.dat	1	ab5bd8c5ec112c1c	ParagraphText
numstat/long_file_single_line.before.dat	2	ab5bdbc5ec113135	ParagraphText
numstat/long_file_single_line.before.dat	3	ab5bdac5ec112f82	ParagraphText
numstat/long_file_single_line.before.dat	4	ab5bd5c5ec112703	ParagraphText
numstat/long_file_single_line.before.dat	5	ab5bd4c5ec112550	ParagraphText
numstat/long_file_single_line.before.dat	6	ab5bd7c5ec112a69	ParagraphText
numstat/long_file_single_line.before.dat	7	ab5bd6c5ec1128b6	ParagraphText
numstat/long_file_single_line.before.dat	8	ab5be1c5ec113b67	ParagraphText
numstat/long_file_single_line.before.dat	9	ab5be0c5ec1139b4	ParagraphText
numstat/long_file_single_line.before.dat	10	3e3d8450212e0ec4	ParagraphText
numstat/long_file_single_line.before.dat	11	3e3d8550212e1077	ParagraphText
numstat/long_file_single_line.before.dat	12	3e3d8650212e122a	ParagraphText
numstat/long_file_single_line.before.dat	13	3e3d8750212e13dd	ParagraphText
numstat/long_file_single_line.before.dat	14	3e3d8050212e07f8	ParagraphText
numstat/long_file_single_line.before.dat	15	3e3d8150212e09ab	ParagraphText
numstat/long_file_single_line.before.dat	16	3e3d8250212e0b5e	ParagraphText
numstat/long_file_single_line.before.dat	17	3e3d8350212e0d11	ParagraphText
numstat/long_file_single_line.before.dat	18	3e3d7c50212e012c	ParagraphText
numstat/long_file_single_line.before.dat	19	3e3d7d50212e02df	ParagraphText
numstat/long_file_single_line.before.dat	20	3e47765021364b7f	ParagraphText
numstat/pure_deletion.after.dat	1	8ac625bb85ed202b	ParagraphText
numstat/pure_deletion.before.dat	1	8ac625bb85ed202b	ParagraphText
numstat/pure_deletion.before.dat	2	7627619b954620a7	ParagraphText
numstat/pure_insertion.after.dat	1	8ac625bb85ed202b	ParagraphText
numstat/pure_insertion.after.dat	2	7627619b954620a7	ParagraphText
numstat/pure_insertion.before.dat	1	8ac625bb85ed202b	ParagraphText
numstat/table_replacement.after.dat	1	5594dfeaf9570c36	TableRow
numstat/table_replacement.after.dat	2	af858b76a8c02f23	TableDelimiter
numstat/table_replacement.after.dat	3	08dea9eb04c5ebf6	TableRow
numstat/table_replacement.before.dat	1	e388ce8746681be0	TableRow
numstat/table_replacement.before.dat	2	5ff9cb7afb3a4ac3	TableDelimiter
numstat/table_replacement.before.dat	3	a6f2cadfb87120c0	TableRow
offset_table_expected.txt	1	37071ce38eab0c3e	TableRow
offset_table_expected.txt	2	37b200e633c557fd	TableDelimiter
offset_table_expected.txt	3	144aa6b9b86bb20d	TableRow
offset_table_expected.txt	4	4aa638609abebc00	TableRow
offset_table_expected.txt	5	4d1499093a4f3f29	TableRow
offset_table_expected.txt	6	f3e8c20b80eb564e	TableRow
offset_table_input.txt	1	f6a01ca7caf91097	TableRow
offset_table_input.txt	2	1f84e4def773b13a	TableDelimiter
offset_table_input.txt	3	57a1bd65f5ac7deb	ParagraphText
offset_table_input.txt	4	c249d3854b1e91eb	TableRow
offset_table_input.txt	5	2fcb666ecaf47bb3	ParagraphText
offset_table_input.txt	6	87d03cb886c51c4c	ParagraphText
offset_table_input.txt	7	7fa538e429d2bdc1	ParagraphText
offset_table_input.txt	8	f3da412b4c6e1d96	ParagraphText
offset_table_input.txt	9	afdbc5b4cd887953	ParagraphText
option_table_expected.txt	1	6e00a79ed06217f4	TableRow
option_table_expected.txt	2	565fad6019e5c424	TableDelimiter
option_table_expected.txt	3	466c8e4d85e6a5b7	TableRow
option_table_expected.txt	4	3fd941033a0184bd	TableRow
option_table_expected.txt	5	e2337e3c240bcdfc	TableRow
option_table_input.txt	1	cfd03fd1044a7106	TableRow
option_table_input.txt	2	11ce55d3e6462cec	TableDelimiter
option_table_input.txt	3	af7809ca8c2488b2	TableRow
option_table_input.txt	4	a105e31192bcdba0	ParagraphText
option_table_input.txt	5	1a4d6c95c2c845df	ParagraphText
option_table_input.txt	6	d456c649d29de320	ParagraphText
option_table_input.txt	7	2a3e492bc91595f8	ParagraphText
option_table_input.txt	8	4ac36bbfb6100356	ParagraphText
option_table_input.txt	9	3e2d2ffb67212d1c	ParagraphText
option_table_input.txt	10	0407d5008da26922	ParagraphText
option_table_input.txt	11	3e93594e04e07561	ParagraphText
option_table_input.txt	12	77094b3837e78085	ParagraphText
option_table_input.txt	13	7e3724d0d6b07ec4	ParagraphText
option_table_input.txt	14	d9bd5a77f7b2d828	ParagraphText
regression_table_expected.txt	1	dd4fed2a74d74eb4	TableRow
regression_table_expected.txt	2	adf3e46ab6d1c8dc	TableDelimiter
regression_table_expected.txt	3	cef7074194a362dd	TableRow
regression_table_expected.txt	4	e6171fc2171d9ae5	TableRow
regression_table_expected.txt	5	959d888e636797eb	TableRow
regression_table_expected.txt	6	50a24b2ec36bf3b0	TableRow
regression_table_expected.txt	7	87d55cd7ea3844a7	TableRow
regression_table_expected.txt	8	7609c470a16c855e	TableRow
regression_table_input.txt	1	dd4fed2a74d74eb4	TableRow
regression_table_input.txt	2	adf3e46ab6d1c8dc	TableDelimiter
regression_table_input.txt	3	cef7074194a362dd	TableRow
regression_table_input.txt	4	e6171fc2171d9ae5	TableRow
regression_table_input.txt	5	959d888e636797eb	TableRow
regression_table_input.txt	6	50a24b2ec36bf3b0	TableRow
regression_table_input.txt	7	87d55cd7ea3844a7	TableRow
regression_table_input.txt	8	7609c470a16c855e	TableRow
renumber_blank_lines_expected.txt	1	4ba42d07b6878214	ListItem
renumber_blank_lines_expected.txt	2	c36da32082b8b0df	Literal
renumber_blank_lines_expected.txt	3	cbf29ce484222325	Blank
renumber_blank_lines_expected.txt	4	83f1f456a79a67e2	ListItem
renumber_blank_lines_expected.txt	5	248f8861617fbbe9	Literal
renumber_blank_lines_expected.txt	6	cbf29ce484222325	Blank
renumber_blank_lines_expected.txt	7	a18e82a87a8b1cf6	ListItem
renumber_blank_lines_expected.txt	8	8fcb5f21d7c997c6	Literal
renumber_blank_lines_expected.txt	9	cbf29ce484222325	Blank
renumber_blank_lines_expected.txt	10	ac181af080273419	ListItem
renumber_blank_lines_expected.txt	11	aa552b493a2cabd9	Literal
renumber_blank_lines_input.txt	1	4ba42d07b6878214	ListItem
renumber_blank_lines_input.txt	2	c36da32082b8b0df	Literal
renumber_blank_lines_input.txt	3	cbf29ce484222325	Blank
renumber_blank_lines_input.txt	4	c3090322aff52899	ListItem
renumber_blank_lines_input.txt	5	248f8861617fbbe9	Literal
renumber_blank_lines_input.txt	6	cbf29ce484222325	Blank
renumber_blank_lines_input.txt	7	b573c1883c64f2c4	ListItem
renumber_blank_lines_input.txt	8	8fcb5f21d7c997c6	Literal
renumber_blank_lines_input.txt	9	cbf29ce484222325	Blank
renumber_blank_lines_input.txt	10	b573c1883c64f2c4	ListItem
renumber_blank_lines_input.txt	11	aa552b493a2cabd9	Literal
renumber_break_heading_restart_expected.txt	1	17d313124bae51ba	ListItem
renumber_break_heading_restart_expected.txt	2	6662eba9a7a9366a	ListItem
renumber_break_heading_restart_expected.txt	3	cbf29ce484222325	Blank
renumber_break_heading_restart_expected.txt	4	de7cc417de1b3246	ThematicBreak
renumber_break_heading_restart_expected.txt	5	cbf29ce484222325	Blank
renumber_break_heading_restart_expected.txt	6	5e91b482d3d4ee21	AtxHeading
renumber_break_heading_restart_expected.txt	7	cbf29ce484222325	Blank
renumber_break_heading_restart_expected.txt	8	fa882843605d65bf	ListItem
renumber_break_heading_restart_expected.txt	9	cbf29ce484222325	Blank
renumber_break_heading_restart_input.txt	1	17d313124bae51ba	ListItem
renumber_break_heading_restart_input.txt	2	6662eba9a7a9366a	ListItem
renumber_break_heading_restart_input.txt	3	cbf29ce484222325	Blank
renumber_break_heading_restart_input.txt	4	de7cc417de1b3246	ThematicBreak
renumber_break_heading_restart_input.txt	5	cbf29ce484222325	Blank
renumber_break_heading_restart_input.txt	6	5e91b482d3d4ee21	AtxHeading
renumber_break_heading_restart_input.txt	7	cbf29ce484222325	Blank
renumber_break_heading_restart_input.txt	8	c5e113defdf95545	ListItem
renumber_break_heading_restart_input.txt	9	cbf29ce484222325	Blank
renumber_break_restart_expected.txt	1	17d313124bae51ba	ListItem
renumber_break_restart_expected.txt	2	6662eba9a7a9366a	ListItem
renumber_break_restart_expected.txt	3	cbf29ce484222325	Blank
renumber_break_restart_expected.txt	4	de7cc417de1b3246	ThematicBreak
renumber_break_restart_expected.txt	5	cbf29ce484222325	Blank
renumber_break_restart_expected.txt	6	fa882843605d65bf	ListItem
renumber_break_restart_expected.txt	7	cbf29ce484222325	Blank
renumber_break_restart_input.txt	1	17d313124bae51ba	ListItem
renumber_break_restart_input.txt	2	6662eba9a7a9366a	ListItem
renumber_break_restart_input.txt	3	cbf29ce484222325	Blank
renumber_break_restart_input.txt	4	de7cc417de1b3246	ThematicBreak
renumber_break_restart_input.txt	5	cbf29ce484222325	Blank
renumber_break_restart_input.txt	6	c5e113defdf95545	ListItem
renumber_break_restart_input.txt	7	cbf29ce484222325	Blank
renumber_formatting_paragraph_expected.txt	1	33857d64231ba35b	ParagraphText
renumber_formatting_paragraph_expected.txt	2	4738500b222b7a52	ParagraphText
renumber_formatting_paragraph_expected.txt	3	cbf29ce484222325	Blank
renumber_formatting_paragraph_expected.txt	4	1ee4c4e641bfbeca	ListItem
renumber_formatting_paragraph_expected.txt	5	9264a377d89b88dc	ParagraphText
renumber_formatting_paragraph_expected.txt	6	cbf29ce484222325	Blank
renumber_formatting_paragraph_expected.txt	7	0a70ec61efb4b9fc	ListItem
renumber_formatting_paragraph_expected.txt	8	cbf29ce484222325	Blank
renumber_formatting_paragraph_expected.txt	9	6cc131add8475adc	ListItem
renumber_formatting_paragraph_expected.txt	10	a1061c4916c00d8e	ParagraphText
renumber_formatting_paragraph_expected.txt	11	cbf29ce484222325	Blank
renumber_formatting_paragraph_expected.txt	12	21a09eb271cb5c68	ListItem
renumber_formatting_paragraph_expected.txt	13	cbf29ce484222325	Blank
renumber_formatting_paragraph_expected.txt	14	fdd02ff8b8f55899	ParagraphText
renumber_formatting_paragraph_expected.txt	15	d27fdd111162a69f	ParagraphText
renumber_formatting_paragraph_expected.txt	16	cbf29ce484222325	Blank
renumber_formatting_paragraph_expected.txt	17	895efd6fab797f59	ListItem
renumber_formatting_paragraph_expected.txt	18	cbf29ce484222325	Blank
renumber_formatting_paragraph_expected.txt	19	bc285d859ff698cd	ListItem
renumber_formatting_paragraph_expected.txt	20	cbf29ce484222325	Blank
renumber_formatting_paragraph_expected.txt	21	46a69b7ea3afa715	ListItem
renumber_formatting_paragraph_expected.txt	22	cbf29ce484222325	Blank
renumber_formatting_paragraph_expected.txt	23	497235e8fc8eb2a3	ListItem
renumber_formatting_paragraph_expected.txt	24	cbf29ce484222325	Blank
renumber_formatting_paragraph_expected.txt	25	4a190143c884f8aa	ParagraphText
renumber_formatting_paragraph_expected.txt	26	cbf29ce484222325	Blank
renumber_formatting_paragraph_expected.txt	27	fb14e11715580806	ParagraphText
renumber_formatting_paragraph_expected.txt	28	364d46d894cbb123	ParagraphText
renumber_formatting_paragraph_expected.txt	29	cbf29ce484222325	Blank
renumber_formatting_paragraph_expected.txt	30	1163fed63fa35a94	ListItem
renumber_formatting_paragraph_input.txt	1	33857d64231ba35b	ParagraphText
renumber_formatting_paragraph_input.txt	2	4738500b222b7a52	ParagraphText
renumber_formatting_paragraph_input.txt	3	cbf29ce484222325	Blank
renumber_formatting_paragraph_input.txt	4	1ee4c4e641bfbeca	ListItem
renumber_formatting_paragraph_input.txt	5	9264a377d89b88dc	ParagraphText
renumber_formatting_paragraph_input.txt	6	cbf29ce484222325	Blank
renumber_formatting_paragraph_input.txt	7	13797ac6e8065f85	ListItem
renumber_formatting_paragraph_input.txt	8	cbf29ce484222325	Blank
renumber_formatting_paragraph_input.txt	9	bed1c703d01b7966	ListItem
renumber_formatting_paragraph_input.txt	10	a1061c4916c00d8e	ParagraphText
renumber_formatting_paragraph_input.txt	11	cbf29ce484222325	Blank
renumber_formatting_paragraph_input.txt	12	0ea2bc40541a5c79	ListItem
renumber_formatting_paragraph_input.txt	13	cbf29ce484222325	Blank
renumber_formatting_paragraph_input.txt	14	fdd02ff8b8f55899	ParagraphText
renumber_formatting_paragraph_input.txt	15	d27fdd111162a69f	ParagraphText
renumber_formatting_paragraph_input.txt	16	cbf29ce484222325	Blank
renumber_formatting_paragraph_input.txt	17	895efd6fab797f59	ListItem
renumber_formatting_paragraph_input.txt	18	cbf29ce484222325	Blank
renumber_formatting_paragraph_input.txt	19	bc285d859ff698cd	ListItem
renumber_formatting_paragraph_input.txt	20	cbf29ce484222325	Blank
renumber_formatting_paragraph_input.txt	21	46a69b7ea3afa715	ListItem
renumber_formatting_paragraph_input.txt	22	cbf29ce484222325	Blank
renumber_formatting_paragraph_input.txt	23	497235e8fc8eb2a3	ListItem
renumber_formatting_paragraph_input.txt	24	cbf29ce484222325	Blank
renumber_formatting_paragraph_input.txt	25	4a190143c884f8aa	ParagraphText
renumber_formatting_paragraph_input.txt	26	cbf29ce484222325	Blank
renumber_formatting_paragraph_input.txt	27	fb14e11715580806	ParagraphText
renumber_formatting_paragraph_input.txt	28	364d46d894cbb123	ParagraphText
renumber_formatting_paragraph_input.txt	29	cbf29ce484222325	Blank
renumber_formatting_paragraph_input.txt	30	48f670d6ea159287	ListItem
renumber_heading_restart_expected.txt	1	17d313124bae51ba	ListItem
renumber_heading_restart_expected.txt	2	6662eba9a7a9366a	ListItem
renumber_heading_restart_expected.txt	3	cbf29ce484222325	Blank
renumber_heading_restart_expected.txt	4	5e91b482d3d4ee21	AtxHeading
renumber_heading_restart_expected.txt	5	cbf29ce484222325	Blank
renumber_heading_restart_expected.txt	6	fa882843605d65bf	ListItem
renumber_heading_restart_expected.txt	7	cbf29ce484222325	Blank
renumber_heading_restart_input.txt	1	17d313124bae51ba	ListItem
renumber_heading_restart_input.txt	2	6662eba9a7a9366a	ListItem
renumber_heading_restart_input.txt	3	cbf29ce484222325	Blank
renumber_heading_restart_input.txt	4	5e91b482d3d4ee21	AtxHeading
renumber_heading_restart_input.txt	5	cbf29ce484222325	Blank
renumber_heading_restart_input.txt	6	c5e113defdf95545	ListItem
renumber_heading_restart_input.txt	7	cbf29ce484222325	Blank
renumber_ordered_list_expected.txt	1	b7557cecc2abbcec	ListItem
renumber_ordered_list_expected.txt	2	05991a3bb90a87d7	ListItem
renumber_ordered_list_expected.txt	3	211cdc4cb074cf9a	ListItem
renumber_ordered_list_expected.txt	4	079610a4050091b2	ListItem
renumber_ordered_list_expected.txt	5	c9077f1395142e07	ParagraphText
renumber_ordered_list_input.txt	1	b7557cecc2abbcec	ListItem
renumber_ordered_list_input.txt	2	05991a3bb90a87d7	ListItem
renumber_ordered_list_input.txt	3	211cdc4cb074cf9a	ListItem
renumber_ordered_list_input.txt	4	079610a4050091b2	ListItem
renumber_ordered_list_input.txt	5	c9077f1395142e07	ParagraphText
renumber_paragraph_restart_expected.txt	1	88e7ad54ea504207	ListItem
renumber_paragraph_restart_expected.txt	2	cbf29ce484222325	Blank
renumber_paragraph_restart_expected.txt	3	ecfe0b323bc0f55a	ListItem
renumber_paragraph_restart_expected.txt	4	cbf29ce484222325	Blank
renumber_paragraph_restart_expected.txt	5	2f6119ba8ee55d21	ParagraphText
renumber_paragraph_restart_expected.txt	6	cbf29ce484222325	Blank
renumber_paragraph_restart_expected.txt	7	a0b1aa5c3189c090	ListItem
renumber_paragraph_restart_expected.txt	8	cbf29ce484222325	Blank
renumber_paragraph_restart_expected.txt	9	fe4643d9c7c94c01	ParagraphText
renumber_paragraph_restart_expected.txt	10	cbf29ce484222325	Blank
renumber_paragraph_restart_expected.txt	11	9efd5745f6ce3e71	ListItem
renumber_paragraph_restart_expected.txt	12	cbf29ce484222325	Blank
renumber_paragraph_restart_expected.txt	13	2e4c3feedce41b26	TableRow
renumber_paragraph_restart_expected.txt	14	af858b76a8c02f23	TableDelimiter
renumber_paragraph_restart_expected.txt	15	5ad0909f27790426	TableRow
renumber_paragraph_restart_expected.txt	16	cbf29ce484222325	Blank
renumber_paragraph_restart_expected.txt	17	261a2761278512bf	ListItem
renumber_paragraph_restart_expected.txt	18	cbf29ce484222325	Blank
renumber_paragraph_restart_expected.txt	19	0791e5cf3c04855f	ListItem
renumber_paragraph_restart_expected.txt	20	cbf29ce484222325	Blank
renumber_paragraph_restart_expected.txt	21	3bba6731bff73cfc	FenceMarker
renumber_paragraph_restart_expected.txt	22	9b81044a75005b2c	Literal
renumber_paragraph_restart_expected.txt	23	b50f05c3cb5a5242	Literal
renumber_paragraph_restart_expected.txt	24	eee8d219096ac717	FenceMarker
renumber_paragraph_restart_expected.txt	25	cbf29ce484222325	Blank
renumber_paragraph_restart_expected.txt	26	79d8ba9d97731f35	ListItem
renumber_paragraph_restart_input.txt	1	88e7ad54ea504207	ListItem
renumber_paragraph_restart_input.txt	2	cbf29ce484222325	Blank
renumber_paragraph_restart_input.txt	3	ecfe0b323bc0f55a	ListItem
renumber_paragraph_restart_input.txt	4	cbf29ce484222325	Blank
renumber_paragraph_restart_input.txt	5	2f6119ba8ee55d21	ParagraphText
renumber_paragraph_restart_input.txt	6	cbf29ce484222325	Blank
renumber_paragraph_restart_input.txt	7	a0b1aa5c3189c090	ListItem
renumber_paragraph_restart_input.txt	8	cbf29ce484222325	Blank
renumber_paragraph_restart_input.txt	9	fe4643d9c7c94c01	ParagraphText
renumber_paragraph_restart_input.txt	10	cbf29ce484222325	Blank
renumber_paragraph_restart_input.txt	11	f4935c906c6135f4	ListItem
renumber_paragraph_restart_input.txt	12	cbf29ce484222325	Blank
renumber_paragraph_restart_input.txt	13	2e4c3feedce41b26	TableRow
renumber_paragraph_restart_input.txt	14	af858b76a8c02f23	TableDelimiter
renumber_paragraph_restart_input.txt	15	5ad0909f27790426	TableRow
renumber_paragraph_restart_input.txt	16	cbf29ce484222325	Blank
renumber_paragraph_restart_input.txt	17	9dcf8471f495a2da	ListItem
renumber_paragraph_restart_input.txt	18	cbf29ce484222325	Blank
renumber_paragraph_restart_input.txt	19	c23a1856bd301e1c	ListItem
renumber_paragraph_restart_input.txt	20	cbf29ce484222325	Blank
renumber_paragraph_restart_input.txt	21	3bba6731bff73cfc	FenceMarker
renumber_paragraph_restart_input.txt	22	9b81044a75005b2c	Literal
renumber_paragraph_restart_input.txt	23	b50f05c3cb5a5242	Literal
renumber_paragraph_restart_input.txt	24	eee8d219096ac717	FenceMarker
renumber_paragraph_restart_input.txt	25	cbf29ce484222325	Blank
renumber_paragraph_restart_input.txt	26	44995bcfdf90fafc	ListItem
spanning_code_span_bullet_expected.txt	1	55eeb2dcd2711e4d	ListItem
spanning_code_span_bullet_expected.txt	2	aa3f1cc0df7b35b8	ParagraphText
spanning_code_span_bullet_expected.txt	3	d9dc45f00308ba11	ParagraphText
spanning_code_span_bullet_expected.txt	4	4068b80f35277c35	ListItem
spanning_code_span_bullet_expected.txt	5	289cf30b5ecdb81b	ParagraphText
spanning_code_span_bullet_expected.txt	6	513cc004bbeeec30	ParagraphText
spanning_code_span_bullet_input.txt	1	b8d42b207fc166bc	ListItem
spanning_code_span_bullet_input.txt	2	afecf127580a9b6b	ParagraphText
spanning_code_span_bullet_input.txt	3	350f016cd761c6a3	ParagraphText
spanning_code_span_bullet_input.txt	4	8931bb1b7d8c6932	ParagraphText
spanning_code_span_bullet_input.txt	5	513cc004bbeeec30	ParagraphText
spanning_code_span_ordered_expected.txt	1	fd6080d9e4312192	ListItem
spanning_code_span_ordered_expected.txt	2	ebdc59a98727f2b2	ParagraphText
spanning_code_span_ordered_expected.txt	3	d9a81e4c98a6f957	ParagraphText
spanning_code_span_ordered_input.txt	1	c65e5724fc902be2	ListItem
spanning_code_span_ordered_input.txt	2	6a3c56205e3d5afc	ParagraphText
spanning_code_span_ordered_input.txt	3	2b02ad8a225dae0d	ParagraphText
static_regex/clean.rs.txt	1	a8cf844c0c134deb	ParagraphText
static_regex/clean.rs.txt	2	1528cb6e8e3f79fd	ParagraphText
static_regex/lazylock_direct.rs.txt	1	429911bed0543395	ParagraphText
static_regex/lazylock_move.rs.txt	1	8978f9c81dfcdecc	ParagraphText
static_regex/lazylock_qualified.rs.txt	1	49da0ba96481c406	ParagraphText
static_regex/once_cell_lazy_direct.rs.txt	1	dcd55e4dad2b8f6f	ParagraphText
static_regex/once_cell_lazy_move.rs.txt	1	ebe9b3e6028867fa	ParagraphText
static_regex/once_cell_lazy_qualified.rs.txt	1	7541e3a1f3ecbe3f	ParagraphText
verification_ledger/missing_symbol.rs	1	2c55fb311bbdf776	ParagraphText
verification_ledger/missing_symbol.txt	1	123b5c21fdc94681	TableRow
verification_ledger/missing_symbol.txt	2	6b71f36c5d519459	TableDelimiter
verification_ledger/missing_symbol.txt	3	05c2321b41322465	TableRow
verification_ledger/multiline_literal.rs	1	ab5665c87ed586c3	ParagraphText
verification_ledger/multiline_literal.rs	2	c21ca4e0360da7f3	ParagraphText
verification_ledger/multiline_literal.rs	3	af63f04c86020e88	ParagraphText
verification_ledger/multiline_literal.rs	4	d5072517d885900b	ParagraphText
verification_ledger/multiline_literal.rs	5	cbf29ce484222325	Blank
verification_ledger/multiline_literal.rs	6	2c55fb311bbdf776	ParagraphText
verification_ledger/multiline_literal.txt	1	123b5c21fdc94681	TableRow
verification_ledger/multiline_literal.txt	2	6b71f36c5d519459	TableDelimiter
verification_ledger/multiline_literal.txt	3	6302ac0de62f9ed4	TableRow
verification_ledger/prefix_only.rs	1	a6fadb8db4190bf3	ParagraphText
verification_ledger/prefix_only.rs	2	8ba91057da733d6e	ParagraphText
verification_ledger/prefix_only.rs	3	22819b715d5547b9	ParagraphText
verification_ledger/prefix_only.rs	4	2c55fb311bbdf776	ParagraphText
verification_ledger/prefix_only.txt	1	123b5c21fdc94681	TableRow
verification_ledger/prefix_only.txt	2	6b71f36c5d519459	TableDelimiter
verification_ledger/prefix_only.txt	3	6302ac0de62f9ed4	TableRow
verification_ledger/valid.rs	1	2c55fb311bbdf776	ParagraphText
verification_ledger/valid.txt	1	123b5c21fdc94681	TableRow
verification_ledger/valid.txt	2	6b71f36c5d519459	TableDelimiter
verification_ledger/valid.txt	3	c3e34c6674e90c49	TableRow
wrap_renumber_inline_code_expected.txt	1	73a2bb9873b0907a	ListItem
wrap_renumber_inline_code_expected.txt	2	4367835fd3638cac	ListItem
wrap_renumber_inline_code_expected.txt	3	c51533408639f378	ListItem
wrap_renumber_inline_code_expected.txt	4	f20a463c3032926e	ListItem
wrap_renumber_inline_code_expected.txt	5	1c7dc8f7b8cefbd7	ListItem
wrap_renumber_inline_code_expected.txt	6	50bfaec579e2e10e	ParagraphText
wrap_renumber_inline_code_expected.txt	7	dba4edce5afa1d70	ListItem
wrap_renumber_inline_code_expected.txt	8	54c732bd43d98f30	ParagraphText
wrap_renumber_inline_code_expected.txt	9	f27535cbaf30b9ff	ParagraphText
wrap_renumber_inline_code_expected.txt	10	96c3f88debd34f1c	ListItem
wrap_renumber_inline_code_expected.txt	11	c51df8784a0c5cce	ParagraphText
wrap_renumber_inline_code_input.txt	1	73a2bb9873b0907a	ListItem
wrap_renumber_inline_code_input.txt	2	4367835fd3638cac	ListItem
wrap_renumber_inline_code_input.txt	3	c51533408639f378	ListItem
wrap_renumber_inline_code_input.txt	4	f20a463c3032926e	ListItem
wrap_renumber_inline_code_input.txt	5	ba76b05b34c91d30	ListItem
wrap_renumber_inline_code_input.txt	6	c51ba5b2d4587a2d	ListItem
wrap_renumber_inline_code_input.txt	7	b619d6397f5b5bf5	ListItem
wrap_renumber_leading_code_expected.txt	1	9dae2c6693263940	ListItem
wrap_renumber_leading_code_expected.txt	2	2106b0bfdce40614	ListItem
wrap_renumber_leading_code_expected.txt	3	f4b3304e8c7371f2	ParagraphText
wrap_renumber_leading_code_expected.txt	4	b26be7ac644f90b3	ParagraphText
wrap_renumber_leading_code_expected.txt	5	9657eea9d897d942	ListItem
wrap_renumber_leading_code_input.txt	1	9dae2c6693263940	ListItem
wrap_renumber_leading_code_input.txt	2	7d5279efb6bae9b5	ListItem
wrap_renumber_leading_code_input.txt	3	9657eea9d897d942	ListItem
wrap_renumber_regression_expected.txt	1	5fd29c5a13238b38	ListItem
wrap_renumber_regression_expected.txt	2	c70ed8b431029023	ParagraphText
wrap_renumber_regression_expected.txt	3	cbf29ce484222325	Blank
wrap_renumber_regression_expected.txt	4	b30b03a606706e56	ListItem
wrap_renumber_regression_expected.txt	5	0873f3a6457cff08	ParagraphText
wrap_renumber_regression_expected.txt	6	6b00dbb2f8b8ce5a	ParagraphText
wrap_renumber_regression_expected.txt	7	cbf29ce484222325	Blank
wrap_renumber_regression_expected.txt	8	4bca3b632386fe94	ListItem
wrap_renumber_regression_expected.txt	9	49b8312cb5565159	ParagraphText
wrap_renumber_regression_expected.txt	10	29594fbe28ef5f39	ParagraphText
wrap_renumber_regression_expected.txt	11	cbf29ce484222325	Blank
wrap_renumber_regression_expected.txt	12	653f24ce9d00f1b0	ListItem
wrap_renumber_regression_expected.txt	13	efff8d6f04ef64bc	ParagraphText
wrap_renumber_regression_expected.txt	14	cbf29ce484222325	Blank
wrap_renumber_regression_expected.txt	15	6cceff95d19da61d	ListItem
wrap_renumber_regression_expected.txt	16	9c1b898eff54cdc2	ParagraphText
wrap_renumber_regression_expected.txt	17	aa935edea8ff2b7f	ParagraphText
wrap_renumber_regression_expected.txt	18	cbf29ce484222325	Blank
wrap_renumber_regression_expected.txt	19	fefdc9d3a43bf6de	ListItem
wrap_renumber_regression_expected.txt	20	6b2aa86d69b06ac2	ParagraphText
wrap_renumber_regression_expected.txt	21	c650a0a0a632ab53	ParagraphText
wrap_renumber_regression_expected.txt	22	cbf29ce484222325	Blank
wrap_renumber_regression_expected.txt	23	ec7ac672b860fdc6	ListItem
wrap_renumber_regression_expected.txt	24	33ff0db18ee9c74b	ParagraphText
wrap_renumber_regression_expected.txt	25	cbf29ce484222325	Blank
wrap_renumber_regression_expected.txt	26	a23b0b434d54c178	ListItem
wrap_renumber_regression_expected.txt	27	0e3c9e4fa6a84300	ParagraphText
wrap_renumber_regression_expected.txt	28	cbf29ce484222325	Blank
wrap_renumber_regression_expected.txt	29	3d12b01b29aa7d2f	ListItem
wrap_renumber_regression_expected.txt	30	a30d071680b8926d	ParagraphText
wrap_renumber_regression_expected.txt	31	cbf29ce484222325	Blank
wrap_renumber_regression_expected.txt	32	78b5c0c4d663d831	ListItem
wrap_renumber_regression_expected.txt	33	b687f5e0a520761b	Literal
wrap_renumber_regression_expected.txt	34	cbf29ce484222325	Blank
wrap_renumber_regression_expected.txt	35	5e393ca2e1af97cf	ListItem
wrap_renumber_regression_expected.txt	36	7365c53907460911	Literal
wrap_renumber_regression_expected.txt	37	f3c074f6a792d70c	Literal
wrap_renumber_regression_expected.txt	38	cbf29ce484222325	Blank
wrap_renumber_regression_expected.txt	39	7952fcc9074ab8b8	ListItem
wrap_renumber_regression_expected.txt	40	3e87d26bae7200eb	Literal
wrap_renumber_regression_expected.txt	41	cbf29ce484222325	Blank
wrap_renumber_regression_expected.txt	42	73ba918447baaeae	ListItem
wrap_renumber_regression_expected.txt	43	d31df24b4ff986e6	Literal
wrap_renumber_regression_expected.txt	44	cbf29ce484222325	Blank
wrap_renumber_regression_expected.txt	45	56e1584f72f59753	ListItem
wrap_renumber_regression_expected.txt	46	cbf29ce484222325	Blank
wrap_renumber_regression_expected.txt	47	eb41d6c0f71d26d2	ListItem
wrap_renumber_regression_expected.txt	48	51b9dd66a4047cd7	Literal
wrap_renumber_regression_expected.txt	49	cbf29ce484222325	Blank
wrap_renumber_regression_expected.txt	50	e16e15c08d92c200	ListItem
wrap_renumber_regression_expected.txt	51	c26f97bfca2ed4c0	Literal
wrap_renumber_regression_expected.txt	52	d147b45713dc44e7	Literal
wrap_renumber_regression_expected.txt	53	cbf29ce484222325	Blank
wrap_renumber_regression_expected.txt	54	65080cbcb36dd205	ListItem
wrap_renumber_regression_expected.txt	55	dbcd89c0620e2d0a	Literal
wrap_renumber_regression_expected.txt	56	cbf29ce484222325	Blank
wrap_renumber_regression_expected.txt	57	ff994a285ebe6eb2	ListItem
wrap_renumber_regression_expected.txt	58	f2ff877533303f9a	Literal
wrap_renumber_regression_expected.txt	59	cbf29ce484222325	Blank
wrap_renumber_regression_expected.txt	60	47f6b365cd10e90b	ListItem
wrap_renumber_regression_expected.txt	61	f79ac9fe2fd8b831	Literal
wrap_renumber_regression_expected.txt	62	cbf29ce484222325	Blank
wrap_renumber_regression_expected.txt	63	85d676b6e7a6f36c	ListItem
wrap_renumber_regression_expected.txt	64	4eb93a513a9366fb	Literal
wrap_renumber_regression_expected.txt	65	15d06880d5a5607c	Literal
wrap_renumber_regression_expected.txt	66	cbf29ce484222325	Blank
wrap_renumber_regression_expected.txt	67	22c55aa32e123e54	ListItem
wrap_renumber_regression_expected.txt	68	efaaf5d0b481cb10	Literal
wrap_renumber_regression_expected.txt	69	2342c1bd41e7a495	Literal
wrap_renumber_regression_expected.txt	70	cbf29ce484222325	Blank
wrap_renumber_regression_expected.txt	71	1d6e6fd6f3b2cca7	ListItem
wrap_renumber_regression_expected.txt	72	c26f97bfca2ed4c0	Literal
wrap_renumber_regression_expected.txt	73	e9651ddab0405a73	Literal
wrap_renumber_regression_expected.txt	74	cbf29ce484222325	Blank
wrap_renumber_regression_expected.txt	75	352159f07168e7a2	ListItem
wrap_renumber_regression_expected.txt	76	c26f97bfca2ed4c0	Literal
wrap_renumber_regression_expected.txt	77	6e35a36a8738d146	Literal
wrap_renumber_regression_expected.txt	78	cbf29ce484222325	Blank
wrap_renumber_regression_expected.txt	79	42617b8f3f908b5f	ListItem
wrap_renumber_regression_expected.txt	80	066e32b560e78246	Literal
wrap_renumber_regression_expected.txt	81	cbf29ce484222325	Blank
wrap_renumber_regression_expected.txt	82	0deee08df8aee1da	ListItem
wrap_renumber_regression_expected.txt	83	362d048330be0945	Literal
wrap_renumber_regression_expected.txt	84	cbf29ce484222325	Blank
wrap_renumber_regression_expected.txt	85	726cb0bbe527e63c	ListItem
wrap_renumber_regression_expected.txt	86	c26f97bfca2ed4c0	Literal
wrap_renumber_regression_expected.txt	87	8ab50a6ca2b77c83	Literal
wrap_renumber_regression_expected.txt	88	cbf29ce484222325	Blank
wrap_renumber_regression_expected.txt	89	ccda280297372c43	ListItem
wrap_renumber_regression_expected.txt	90	078abc77613a2199	Literal
wrap_renumber_regression_expected.txt	91	cbf29ce484222325	Blank
wrap_renumber_regression_expected.txt	92	c5e8f34dd3530213	ListItem
wrap_renumber_regression_expected.txt	93	ca8947d23419beb3	Literal
wrap_renumber_regression_expected.txt	94	cbf29ce484222325	Blank
wrap_renumber_regression_expected.txt	95	5f4bb18674178bca	ListItem
wrap_renumber_regression_expected.txt	96	c26f97bfca2ed4c0	Literal
wrap_renumber_regression_expected.txt	97	2d7115bd82f0d475	Literal
wrap_renumber_regression_expected.txt	98	cbf29ce484222325	Blank
wrap_renumber_regression_expected.txt	99	7dae418038becb4b	ListItem
wrap_renumber_regression_expected.txt	100	4af12435a606ab03	Literal
wrap_renumber_regression_expected.txt	101	cf4a3b1f8c8151d4	Literal
wrap_renumber_regression_input.txt	1	6c08847ccd357974	ListItem
wrap_renumber_regression_input.txt	2	cbf29ce484222325	Blank
wrap_renumber_regression_input.txt	3	9ff4f20b96bedff2	ListItem
wrap_renumber_regression_input.txt	4	cbf29ce484222325	Blank
wrap_renumber_regression_input.txt	5	25afa21dff16539e	ListItem
wrap_renumber_regression_input.txt	6	cbf29ce484222325	Blank
wrap_renumber_regression_input.txt	7	2af4501eb2fb3e87	ListItem
wrap_renumber_regression_input.txt	8	cbf29ce484222325	Blank
wrap_renumber_regression_input.txt	9	139b5ebbe0098312	ListItem
wrap_renumber_regression_input.txt	10	cbf29ce484222325	Blank
wrap_renumber_regression_input.txt	11	7564ec2a766be995	ListItem
wrap_renumber_regression_input.txt	12	cbf29ce484222325	Blank
wrap_renumber_regression_input.txt	13	7f243c756c28f56a	ListItem
wrap_renumber_regression_input.txt	14	cbf29ce484222325	Blank
wrap_renumber_regression_input.txt	15	79fa48be5cb63dbb	ListItem
wrap_renumber_regression_input.txt	16	cbf29ce484222325	Blank
wrap_renumber_regression_input.txt	17	3a378ce765494ddf	ListItem
wrap_renumber_regression_input.txt	18	cbf29ce484222325	Blank
wrap_renumber_regression_input.txt	19	6c31386a2df68ce5	ListItem
wrap_renumber_regression_input.txt	20	cbf29ce484222325	Blank
wrap_renumber_regression_input.txt	21	d694b4ab9640abbe	ListItem
wrap_renumber_regression_input.txt	22	cbf29ce484222325	Blank
wrap_renumber_regression_input.txt	23	b32171118603c0f6	ListItem
wrap_renumber_regression_input.txt	24	cbf29ce484222325	Blank
wrap_renumber_regression_input.txt	25	19cdcd9e47cbd117	ListItem
wrap_renumber_regression_input.txt	26	cbf29ce484222325	Blank
wrap_renumber_regression_input.txt	27	56e1584f72f59753	ListItem
wrap_renumber_regression_input.txt	28	cbf29ce484222325	Blank
wrap_renumber_regression_input.txt	29	54287a0d65b6a1e6	ListItem
wrap_renumber_regression_input.txt	30	cbf29ce484222325	Blank
wrap_renumber_regression_input.txt	31	20be541aac1dd905	ListItem
wrap_renumber_regression_input.txt	32	cbf29ce484222325	Blank
wrap_renumber_regression_input.txt	33	3c5dfd3e02b83e9c	ListItem
wrap_renumber_regression_input.txt	34	cbf29ce484222325	Blank
wrap_renumber_regression_input.txt	35	66fb5f44addd0317	ListItem
wrap_renumber_regression_input.txt	36	cbf29ce484222325	Blank
wrap_renumber_regression_input.txt	37	579a98c1e4a65a5d	ListItem
wrap_renumber_regression_input.txt	38	cbf29ce484222325	Blank
wrap_renumber_regression_input.txt	39	041ec9ebfb52bbb9	ListItem
wrap_renumber_regression_input.txt	40	cbf29ce484222325	Blank
wrap_renumber_regression_input.txt	41	daf918d757cf391b	ListItem
wrap_renumber_regression_input.txt	42	cbf29ce484222325	Blank
wrap_renumber_regression_input.txt	43	7eb59ca264596f9a	ListItem
wrap_renumber_regression_input.txt	44	cbf29ce484222325	Blank
wrap_renumber_regression_input.txt	45	84274ad1e9f00f06	ListItem
wrap_renumber_regression_input.txt	46	cbf29ce484222325	Blank
wrap_renumber_regression_input.txt	47	4416eee9e0cee84e	ListItem
wrap_renumber_regression_input.txt	48	cbf29ce484222325	Blank
wrap_renumber_regression_input.txt	49	06f6172574110104	ListItem
wrap_renumber_regression_input.txt	50	cbf29ce484222325	Blank
wrap_renumber_regression_input.txt	51	27ea6d2a537d5009	ListItem
wrap_renumber_regression_input.txt	52	cbf29ce484222325	Blank
wrap_renumber_regression_input.txt	53	8a018e97a19dde85	ListItem
wrap_renumber_regression_input.txt	54	cbf29ce484222325	Blank
wrap_renumber_regression_input.txt	55	2d65c8e5524e0497	ListItem
wrap_renumber_regression_input.txt	56	cbf29ce484222325	Blank
wrap_renumber_regression_input.txt	57	5edb55ceecf05d2d	ListItem
wrap_renumber_regression_input.txt	58	cbf29ce484222325	Blank
wrap_renumber_regression_input.txt	59	71f751f13b3d744c	ListItem
